<!DOCTYPE html>
<html>
	<head>
		<title>Opa tests for md_flp_no_unit_line_no_line_unit</title>
		<meta http-equiv='X-UA-Compatible' content='IE=edge' />
		<meta charset="UTF-8">

		<script id="sap-ui-bootstrap"
				src="../../resources/sap-ui-core.js"
				data-sap-ui-resourceroots='{
					"md.flp.no.unit.line.no.line.unit.test.integration": "./",
					"md.flp.no.unit.line.no.line.unit.app" : "../flpSandboxMockServer"
				}'>
		</script>

		<script>
			jQuery.sap.require("md.flp.no.unit.line.no.line.unit.test.integration.AllJourneys");
		</script>

	</head>
	<body>
		<div id="qunit"></div>
		<div id="qunit-fixture"></div>
	</body>
</html>