<mvc:View
	controllerName="md.flp.no.unit.line.line.unit.controller.App"
	xmlns:mvc="sap.ui.core.mvc"
	displayBlock="true"
	busy="{appView>/busy}"
	busyIndicatorDelay="{appView>/delay}"
	xmlns="sap.m">
	<SplitApp id="idAppControl" />
</mvc:View>