<mvc:View
	controllerName="standalone.unit.controller.Object"
	xmlns="sap.m"
	xmlns:mvc="sap.ui.core.mvc"
	xmlns:semantic="sap.m.semantic">

	<semantic:FullscreenPage
		id="page"
		navButtonPress="onNavBack"
		showNavButton="true"
		title="{i18n>objectTitle}"
		busy="{objectView>/busy}"
		busyIndicatorDelay="{objectView>/delay}">

		<semantic:content>
			<ObjectHeader
				id="objectHeader"
				title="{Description}"
				number="{
							path: 'Rating',
							formatter: '.formatter.numberUnit'
				}"
				numberUnit="{Price}">
			</ObjectHeader>
 		</semantic:content>

		<semantic:sendEmailAction>
			<semantic:SendEmailAction id="shareEmail" press="onShareEmailPress"/>
		</semantic:sendEmailAction>


	</semantic:FullscreenPage>

</mvc:View>