<!DOCTYPE html>
<html>
	<head>
		<title>Opa tests for md_standalone_no_unit_no_line</title>
		<meta http-equiv='X-UA-Compatible' content='IE=edge' />
		<meta charset="UTF-8">

		<script id="sap-ui-bootstrap"
				src="../../resources/sap-ui-core.js"
				data-sap-ui-resourceroots='{
					"md.standalone.no.unit.no.line.test.integration": "./",
					"md.standalone.no.unit.no.line.app" : "../mockServer"
				}'>
		</script>

		<script>
			jQuery.sap.require("md.standalone.no.unit.no.line.test.integration.PhoneJourneys");
		</script>

	</head>
	<body>
		<div id="qunit"></div>
		<div id="qunit-fixture"></div>
	</body>
</html>