<!DOCTYPE html>
<html>
	<head>
		<title>Opa tests for md_standalone_unit_line_line_unit</title>
		<meta http-equiv='X-UA-Compatible' content='IE=edge' />
		<meta charset="UTF-8">

		<script id="sap-ui-bootstrap"
				src="../../resources/sap-ui-core.js"
				data-sap-ui-resourceroots='{
					"md.standalone.unit.line.line.unit.test.integration": "./",
					"md.standalone.unit.line.line.unit.app" : "../mockServer"
				}'>
		</script>

		<script>
			jQuery.sap.require("md.standalone.unit.line.line.unit.test.integration.PhoneJourneys");
		</script>

	</head>
	<body>
		<div id="qunit"></div>
		<div id="qunit-fixture"></div>
	</body>
</html>